[agnii.org/index.html]
[backblue.gif]
[fade.gif]
[index.html]
[agnii.org/header.js]
[agnii.org/js/custom.modernizr.js]
[www.google-analytics.com/analytics.js]
[agnii.org/assets/main_slider/1.jpg]
[agnii.org/assets/main_slider/2.jpg]
[agnii.org/assets/main_slider/3.jpg]
[agnii.org/assets/main_slider/4.jpg]
[agnii.org/assets/main_slider/5.jpg]
[agnii.org/about.html]
[agnii.org/sitemap.html]
[agnii.org/js/foundation.min.js]
[agnii.org/js/foundation.orbit.js]
[agnii.org/index.html]
[agnii.org/css/foundation.min.css]
[agnii.org/assets/fonts/nyala.eot]
[agnii.org/assets/fonts/nyala.woff]
[agnii.org/assets/fonts/nyala.ttf]
[agnii.org/header.css]
[agnii.org/index.css]
[agnii.org/assets/images/founder_portrait.jpg]
[agnii.org/assets/team/Anthony.jpg]
[agnii.org/assets/team/Arun.jpg]
[agnii.org/assets/team/Harish.jpg]
[agnii.org/assets/team/Jayaram.jpg]
[agnii.org/assets/team/Kumaresh.jpg]
[agnii.org/assets/team/Palani.jpg]
[agnii.org/assets/team/Raja.jpg]
[agnii.org/assets/team/Ram.jpg]
[agnii.org/assets/team/Sujith.jpg]
[agnii.org/about.html]
[agnii.org/media.js]
[agnii.org/index-2.html]
[agnii.org/activities.html]
[agnii.org/contact.html]
[agnii.org/media.html]
[agnii.org/sitemap.html]
[agnii.org/assets/fonts/nyala.svg]
[agnii.org/about.css]
[agnii.org/assets/images/_designed_by.html]
[agnii.org/media.css]
[agnii.org/index-2.html]
[agnii.org/activities.js]
[agnii.org/assets/drum_circle/thumb.jpg]
[agnii.org/assets/fire_dance/thumb.jpg]
[agnii.org/assets/drum_show/thumb.jpg]
[agnii.org/assets/theatre/thumb.jpg]
[agnii.org/assets/hollow_man/thumb.jpg]
[agnii.org/assets/puppet_show/thumb.jpg]
[agnii.org/assets/mural_painting/thumb.jpg]
[agnii.org/assets/balloon_act/thumb.jpg]
[agnii.org/activities.html]
[agnii.org/contact.html]
[agnii.org/assets/newspaper/8.jpg]
[agnii.org/assets/newspaper/1.jpg]
[agnii.org/assets/newspaper/2.jpg]
[agnii.org/assets/newspaper/3.jpg]
[agnii.org/assets/newspaper/4.jpg]
[agnii.org/assets/newspaper/5.jpg]
[agnii.org/assets/newspaper/6.jpg]
[agnii.org/assets/newspaper/7.jpg]
[img.youtube.com/vi/LdpLXmsh01k/0.jpg]
[agnii.org/assets/play_button.png]
[img.youtube.com/vi/zrp4gDg8dHA/0.jpg]
[img.youtube.com/vi/GlepPta1kb4/0.jpg]
[img.youtube.com/vi/F7wEPVH1dVw/0.jpg]
[img.youtube.com/vi/l7dygPJgFk8/1.jpg]
[img.youtube.com/vi/KBTflcGpH9Q/0.jpg]
[img.youtube.com/vi/-qDVKUtakPY/0.jpg]
[img.youtube.com/vi/QPdNIJk_YBk/0.jpg]
[img.youtube.com/vi/36f21qe5t6I/3.jpg]
[img.youtube.com/vi/jc5Svwtmeis/0.jpg]
[img.youtube.com/vi/2n9am7TuXBo/0.jpg]
[img.youtube.com/vi/hcJ2YH_c9lQ/0.jpg]
[agnii.org/media.html]
[agnii.org/activities.css]
[agnii.org/contact.css]
